   0  1  2  3  4  5  5  6  7  8  9 10 10
╔═════════════════════════════════════════╗
║  ●  ●  ●  ●  ●  ●  ●  ●  ●  ●  ●  ●  │  ║
║  ●  ●  ●  ●  ●  ●  │  │  │  │  │  │  │  ║
║  │  │  │  │  │  │  │  │  │  │  │  │  ●  ║
║  │  │  │  │  │  │  ●  ●  ●  ●  ●  ●  ●  ║
╠═════════════════════════════════════════╣
║  │  ●  ●  ●  ●  ●  │  ●  ●  ●  ●  ●  │  ║
║  │  │  ●  ●  ●  ●  │  │  ●  ●  ●  ●  │  ║
║  ●  │  │  ●  ●  ●  ●  │  │  ●  ●  ●  ●  ║
║  ●  ●  │  │  ●  ●  ●  ●  │  │  ●  ●  ●  ║
║  ●  ●  ●  │  │  ●  ●  ●  ●  │  │  ●  ●  ║
║  ●  ●  ●  ●  │  │  ●  ●  ●  ●  │  │  ●  ║
║  ●  ●  ●  ●  ●  │  ●  ●  ●  ●  ●  │  ●  ║
╚═════════════════════════════════════════╝
   A  B  C  D  E  F  G  H  I  J  K  L  M
 
  11 12 13 14 15 15 16 17 18 19 20  0  0
╔═════════════════════════════════════════╗
║  │  │  │  │  │  │  │  │  │  │  │  ○  ○  ║
║  │  │  │  │  │  ●  ●  ●  ●  ●  ●  ○  ○  ║
║  ●  ●  ●  ●  ●  │  │  │  │  │  │  │  │  ║
║  ●  ●  ●  ●  ●  ●  ●  ●  ●  ●  ●  │  │  ║
╠═════════════════════════════════════════╣
║  ●  ●  ●  ●  ●  │  ●  ●  ●  ●  ●  │  │  ║
║  │  ●  ●  ●  ●  │  │  ●  ●  ●  ●  │  │  ║
║  │  │  ●  ●  ●  ○  │  │  ●  ●  ●  ○  ○  ║
║  ○  │  │  ●  ●  ○  ○  │  │  ●  ●  ○  ○  ║
║  ○  ○  │  │  ●  ○  ○  ○  │  │  ●  ○  ○  ║
║  ○  ○  ○  │  │  ○  ○  ○  ○  │  │  ○  ○  ║
║  ○  ○  ○  ○  │  ○  ○  ○  ○  ○  │  ○  ○  ║
╚═════════════════════════════════════════╝
   A  B  C  D  E  F  G  H  I  J  K  L  M
 
  11 12 13 14 15 15 16 17 18 19 20  0  0
╔═════════════════════════════════════════╗
║  ○  ○  ○  ○  ○  │  │  │  │  │  │  ○  ○  ║
║  │  │  │  │  │  ●  ●  ●  ●  ●  ●  ○  ○  ║
║  ●  ●  ●  ●  ●  ●  ●  ●  ●  ●  ●  ○  ○  ║
║  ●  ●  ●  ●  ●  ●  ●  ●  ●  ●  ●  │  │  ║
╠═════════════════════════════════════════╣
║  ●  ●  ●  ●  ●  │  ●  ●  ●  ●  ●  │  │  ║
║  │  ●  ●  ●  ●  ○  │  ●  ●  ●  ●  ○  ○  ║
║  ○  │  ●  ●  ●  ○  ○  │  ●  ●  ●  ○  ○  ║
║  ○  ○  │  ●  ●  ○  ○  ○  │  ●  ●  ○  ○  ║
║  ○  ○  ○  │  ●  ○  ○  ○  ○  │  ●  ○  ○  ║
║  ○  ○  ○  ○  │  ○  ○  ○  ○  ○  │  ○  ○  ║
╚═════════════════════════════════════════╝
   A  B  C  D  E  F  G  H  I  J  K  L  M
 
   0  0  0  0  0  0  0  0  0  0  1  2  3
╔═════════════════════════════════════════╗
║  ●  ●  ●  ●  ●  ●  ●  ●  ●  ●  ●  ●  ●  ║
║  ●  ●  ●  ●  ●  ●  ●  ●  ●  ●  ●  ●  ●  ║
║  │  │  │  │  │  │  │  │  │  │  │  │  │  ║
║  │  │  │  │  │  │  │  │  │  │  │  │  │  ║
╠═════════════════════════════════════════╣
║  │  │  │  │  │  │  │  │  │  │  ○  ○  ○  ║
║  │  │  │  │  │  │  │  │  │  │  │  ○  ○  ║
║  ●  ●  ●  ●  ●  ●  ●  ●  ●  ●  │  │  ○  ║
║  ●  ●  ●  ●  ●  ●  ●  ●  ●  ●  ●  │  │  ║
║  ●  ●  ●  ●  ●  ●  ●  ●  ●  ●  ●  ●  │  ║
║  ●  ●  ●  ●  ●  ●  ●  ●  ●  ●  ●  ●  ●  ║
║  ●  ●  ●  ●  ●  ●  ●  ●  ●  ●  ●  ●  ●  ║
╚═════════════════════════════════════════╝
   A  B  C  D  E  F  G  H  I  J  K  L  M
 
   0  0  0  0  0  0  0  0  0  0  0  0  0  1  2  3
╔══════════════════════════════════════════════════╗
║  ○  ○  ○  ○  ○  ○  ○  ○  ○  ○  ○  ○  ○  ○  ○  ○  ║
║  ○  ○  ○  ○  ○  ○  ○  ○  ○  ○  ○  ○  ○  ○  ○  ○  ║
║  │  │  │  │  │  │  │  │  │  │  │  │  │  │  │  │  ║
║  │  │  │  │  │  │  │  │  │  │  │  │  │  │  │  │  ║
╠══════════════════════════════════════════════════╣
║  │  │  │  │  │  │  │  │  │  │  │  │  │  ●  ●  ●  ║
║  │  │  │  │  │  │  │  │  │  │  │  │  │  │  ●  ●  ║
║  ○  ○  ○  ○  ○  ○  ○  ○  ○  ○  ○  ○  ○  │  │  ●  ║
║  ○  ○  ○  ○  ○  ○  ○  ○  ○  ○  ○  ○  ○  ○  │  │  ║
║  ○  ○  ○  ○  ○  ○  ○  ○  ○  ○  ○  ○  ○  ○  ○  │  ║
║  ○  ○  ○  ○  ○  ○  ○  ○  ○  ○  ○  ○  ○  ○  ○  ○  ║
║  ○  ○  ○  ○  ○  ○  ○  ○  ○  ○  ○  ○  ○  ○  ○  ○  ║
╚══════════════════════════════════════════════════╝
   A  B  C  D  E  F  G  H  I  J  K  L  M  N  O  P
 
   1  2  3  4  5  6  7  8  9
╔═════════════════════════════╗
║  ○  ○  ○  ○  │  │  │  │  │  ║
║  │  │  │  │  ●  ●  ●  ●  ●  ║
╠═════════════════════════════╣
║  ●  ●  ●  ●  │  ●  ●  ●  ●  ║
║  │  ●  ●  ●  ○  │  ●  ●  ●  ║
║  ○  │  ●  ●  ○  ○  │  ●  ●  ║
║  ○  ○  │  ●  ○  ○  ○  │  ●  ║
║  ○  ○  ○  │  ○  ○  ○  ○  │  ║
╚═════════════════════════════╝
   A  B  C  D  E  F  G  H  I
 
   0  1  2  3  4  5  5  6  7  8  9 10  0
╔═════════════════════════════════════════╗
║  ○  ○  ○  ○  ○  ○  │  │  │  │  │  │  ○  ║
║  │  │  │  │  │  │  ●  ●  ●  ●  ●  ●  │  ║
╠═════════════════════════════════════════╣
║  │  ●  ●  ●  ●  ●  │  ●  ●  ●  ●  ●  │  ║
║  ○  │  ●  ●  ●  ●  ○  │  ●  ●  ●  ●  ○  ║
║  ○  ○  │  ●  ●  ●  ○  ○  │  ●  ●  ●  ○  ║
║  ○  ○  ○  │  ●  ●  ○  ○  ○  │  ●  ●  ○  ║
║  ○  ○  ○  ○  │  ●  ○  ○  ○  ○  │  ●  ○  ║
║  ○  ○  ○  ○  ○  │  ○  ○  ○  ○  ○  │  ○  ║
╚═════════════════════════════════════════╝
   A  B  C  D  E  F  G  H  I  J  K  L  M
 
   0  1  2  3  4  5  6  7  8  9  9 10  0  0  0  0  0
╔═════════════════════════════════════════════════════╗
║  ○  ○  ○  ○  ○  ○  │  │  │  │  │  │  ○  ○  ○  ○  ○  ║
║  │  │  │  │  │  │  ●  ●  ●  ●  ●  ●  │  │  │  │  │  ║
╠═════════════════════════════════════════════════════╣
║  │  ●  ●  ●  ●  ●  ●  ●  ●  ●  ●  ●  │  │  │  │  │  ║
║  │  │  ●  ●  ●  ●  │  ●  ●  ●  ●  ●  │  │  │  │  │  ║
║  ○  ●  │  ●  ●  ●  ●  │  ●  ●  ●  ●  ○  ○  ○  ○  ○  ║
║  ○  │  ●  │  ●  ●  │  ●  │  ●  ●  ●  ○  ○  ○  ○  ○  ║
║  ○  ○  │  ●  │  ●  ○  │  ●  │  │  ●  ○  ○  ○  ○  ○  ║
║  ○  ○  ○  │  ●  │  ○  ○  │  ●  │  │  ○  ○  ○  ○  ○  ║
║  ○  ○  ○  ○  │  │  ○  ○  ○  │  ○  │  ○  ○  ○  ○  ○  ║
╚═════════════════════════════════════════════════════╝
   A  B  C  D  E  F  G  H  I  J  K  L  M  N  O  P  Q
 
  1  2  3  4  5  6  7  8  9
═════════════════════════════
  ○  ○  ○  ○  │  │  │  │  │  
  │  │  │  │  ○  ○  ○  ○  ○  
═════════════════════════════
  ○  ○  ○  ○  │  ○  ○  ○  ○  
  │  ○  ○  ○  ○  │  ○  ○  ○  
  ○  │  ○  ○  ○  ○  │  ○  ○  
  ○  ○  │  ○  ○  ○  ○  │  ○  
  ○  ○  ○  │  ○  ○  ○  ○  │  
═════════════════════════════
  A  B  C  D  E  F  G  H  I
